Copyright 1986-2022 Xilinx, Inc. All Rights Reserved. Copyright 2022-2023 Advanced Micro Devices, Inc. All Rights Reserved.
--------------------------------------------------------------------------------------------------------------------------------------------------------------
| Tool Version      : Vivado v.2023.1 (win64) Build 3865809 Sun May  7 15:05:29 MDT 2023
| Date              : Wed Dec 13 11:26:06 2023
| Host              : CS121-ABHISHEK running 64-bit major release  (build 9200)
| Command           : report_bus_skew -warn_on_violation -file div_by_3_bus_skew_routed.rpt -pb div_by_3_bus_skew_routed.pb -rpx div_by_3_bus_skew_routed.rpx
| Design            : div_by_3
| Device            : xczu7ev-ffvc1156
| Speed File        : -2  PRODUCTION 1.30 05-15-2022
| Design State      : Routed
| Temperature Grade : E
--------------------------------------------------------------------------------------------------------------------------------------------------------------

Bus Skew Report

No bus skew constraints

